// Jest Snapshot v1, https://goo.gl/fbAQLP

exports[`renders BoxButton component 1`] = `
<div>
  <div
    class="buttonBox"
  >
    <button
      type="button"
    >
      Button 1
    </button>
    <button
      type="button"
    >
      Button 2
    </button>
  </div>
</div>
`;
