// Jest Snapshot v1, https://goo.gl/fbAQLP

exports[`renders Home component 1`] = `
<div>
  <div
    class="home-container"
  >
    <h1>
      welcome to our page!
    </h1>
    <p>
      Lorem ipsum dolor sit amet consectetur adipisicing elit. Atque, a. Voluptates velit doloribus, dolor cumque commodi earum atque obcaecati cum maxime, non, saepe neque alias accusamus quae explicabo aut temporibus.
    </p>
    <p>
      Lorem ipsum dolor sit amet consectetur adipisicing elit. Atque, Voluptates velit doloribus, dolor cumque commodi earum atque obcaecati cum maxime, non, saepe neque alias accusamus quae
    </p>
  </div>
</div>
`;
